Archive member included to satisfy reference by file (symbol)

c:/program files (x86)/microchip/xc8/v2.10/avr/bin/../lib/gcc/avr/5.4.0/avr5/memx-const\libgcc.a(_exit.o)
                              C:/Program Files (x86)/Microchip/MPLABX/v5.30/packs/Microchip/ATmega_DFP/2.0.12/gcc/dev/atmega16/avr5/memx-const/crtatmega16.o (exit)
c:/program files (x86)/microchip/xc8/v2.10/avr/bin/../lib/gcc/avr/5.4.0/avr5/memx-const\libgcc.a(_copy_data.o)
                              build/default/production/main.o (__do_copy_data)

Discarded input sections

 .data          0x00000000        0x0 C:/Program Files (x86)/Microchip/MPLABX/v5.30/packs/Microchip/ATmega_DFP/2.0.12/gcc/dev/atmega16/avr5/memx-const/crtatmega16.o
 .bss           0x00000000        0x0 C:/Program Files (x86)/Microchip/MPLABX/v5.30/packs/Microchip/ATmega_DFP/2.0.12/gcc/dev/atmega16/avr5/memx-const/crtatmega16.o
 .text          0x00000000        0x0 build/default/production/main.o
 .data          0x00000000        0x0 build/default/production/main.o
 .bss           0x00000000        0x0 build/default/production/main.o
 .bss.i         0x00000000        0x2 build/default/production/main.o
 .text          0x00000000        0x0 build/default/production/DIO.o
 .data          0x00000000        0x0 build/default/production/DIO.o
 .bss           0x00000000        0x0 build/default/production/DIO.o
 .text._setPIN  0x00000000       0x16 build/default/production/DIO.o
 .text._resetPIN
                0x00000000       0x18 build/default/production/DIO.o
 .text.PORTAas  0x00000000       0x12 build/default/production/DIO.o
 .text.PORTBas  0x00000000       0x12 build/default/production/DIO.o
 .text.PORTCas  0x00000000       0x12 build/default/production/DIO.o
 .text.PORTDas  0x00000000       0x12 build/default/production/DIO.o
 .text.PINAas   0x00000000       0x42 build/default/production/DIO.o
 .text.setPORTA
                0x00000000        0x4 build/default/production/DIO.o
 .text.setPORTB
                0x00000000        0x4 build/default/production/DIO.o
 .text.setPORTC
                0x00000000        0x4 build/default/production/DIO.o
 .text.setPORTD
                0x00000000        0x4 build/default/production/DIO.o
 .text.isPressedA
                0x00000000       0x18 build/default/production/DIO.o
 .text.isPressedC
                0x00000000       0x18 build/default/production/DIO.o
 .text.setPIN   0x00000000       0x7e build/default/production/DIO.o
 .text.setPINA  0x00000000       0x16 build/default/production/DIO.o
 .text.setPINB  0x00000000       0x16 build/default/production/DIO.o
 .text.setPINC  0x00000000       0x16 build/default/production/DIO.o
 .text.setPIND  0x00000000       0x16 build/default/production/DIO.o
 .text.togglePINA
                0x00000000       0x16 build/default/production/DIO.o
 .text.togglePINB
                0x00000000       0x16 build/default/production/DIO.o
 .text          0x00000000        0x0 build/default/production/lcd.o
 .data          0x00000000        0x0 build/default/production/lcd.o
 .bss           0x00000000        0x0 build/default/production/lcd.o
 .text.LCD_String_xy
                0x00000000       0x38 build/default/production/lcd.o
 .text          0x00000000        0x0 c:/program files (x86)/microchip/xc8/v2.10/avr/bin/../lib/gcc/avr/5.4.0/avr5/memx-const\libgcc.a(_exit.o)
 .data          0x00000000        0x0 c:/program files (x86)/microchip/xc8/v2.10/avr/bin/../lib/gcc/avr/5.4.0/avr5/memx-const\libgcc.a(_exit.o)
 .bss           0x00000000        0x0 c:/program files (x86)/microchip/xc8/v2.10/avr/bin/../lib/gcc/avr/5.4.0/avr5/memx-const\libgcc.a(_exit.o)
 .text.libgcc.mul
                0x00000000        0x0 c:/program files (x86)/microchip/xc8/v2.10/avr/bin/../lib/gcc/avr/5.4.0/avr5/memx-const\libgcc.a(_exit.o)
 .text.libgcc.div
                0x00000000        0x0 c:/program files (x86)/microchip/xc8/v2.10/avr/bin/../lib/gcc/avr/5.4.0/avr5/memx-const\libgcc.a(_exit.o)
 .text.libgcc   0x00000000        0x0 c:/program files (x86)/microchip/xc8/v2.10/avr/bin/../lib/gcc/avr/5.4.0/avr5/memx-const\libgcc.a(_exit.o)
 .text.libgcc.prologue
                0x00000000        0x0 c:/program files (x86)/microchip/xc8/v2.10/avr/bin/../lib/gcc/avr/5.4.0/avr5/memx-const\libgcc.a(_exit.o)
 .text.libgcc.builtins
                0x00000000        0x0 c:/program files (x86)/microchip/xc8/v2.10/avr/bin/../lib/gcc/avr/5.4.0/avr5/memx-const\libgcc.a(_exit.o)
 .text.libgcc.fmul
                0x00000000        0x0 c:/program files (x86)/microchip/xc8/v2.10/avr/bin/../lib/gcc/avr/5.4.0/avr5/memx-const\libgcc.a(_exit.o)
 .text.libgcc.fixed
                0x00000000        0x0 c:/program files (x86)/microchip/xc8/v2.10/avr/bin/../lib/gcc/avr/5.4.0/avr5/memx-const\libgcc.a(_exit.o)
 .text          0x00000000        0x0 c:/program files (x86)/microchip/xc8/v2.10/avr/bin/../lib/gcc/avr/5.4.0/avr5/memx-const\libgcc.a(_copy_data.o)
 .data          0x00000000        0x0 c:/program files (x86)/microchip/xc8/v2.10/avr/bin/../lib/gcc/avr/5.4.0/avr5/memx-const\libgcc.a(_copy_data.o)
 .bss           0x00000000        0x0 c:/program files (x86)/microchip/xc8/v2.10/avr/bin/../lib/gcc/avr/5.4.0/avr5/memx-const\libgcc.a(_copy_data.o)
 .text.libgcc.mul
                0x00000000        0x0 c:/program files (x86)/microchip/xc8/v2.10/avr/bin/../lib/gcc/avr/5.4.0/avr5/memx-const\libgcc.a(_copy_data.o)
 .text.libgcc.div
                0x00000000        0x0 c:/program files (x86)/microchip/xc8/v2.10/avr/bin/../lib/gcc/avr/5.4.0/avr5/memx-const\libgcc.a(_copy_data.o)
 .text.libgcc   0x00000000        0x0 c:/program files (x86)/microchip/xc8/v2.10/avr/bin/../lib/gcc/avr/5.4.0/avr5/memx-const\libgcc.a(_copy_data.o)
 .text.libgcc.prologue
                0x00000000        0x0 c:/program files (x86)/microchip/xc8/v2.10/avr/bin/../lib/gcc/avr/5.4.0/avr5/memx-const\libgcc.a(_copy_data.o)
 .text.libgcc.builtins
                0x00000000        0x0 c:/program files (x86)/microchip/xc8/v2.10/avr/bin/../lib/gcc/avr/5.4.0/avr5/memx-const\libgcc.a(_copy_data.o)
 .text.libgcc.fmul
                0x00000000        0x0 c:/program files (x86)/microchip/xc8/v2.10/avr/bin/../lib/gcc/avr/5.4.0/avr5/memx-const\libgcc.a(_copy_data.o)
 .text.libgcc.fixed
                0x00000000        0x0 c:/program files (x86)/microchip/xc8/v2.10/avr/bin/../lib/gcc/avr/5.4.0/avr5/memx-const\libgcc.a(_copy_data.o)

Memory Configuration

Name             Origin             Length             Attributes
text             0x00000000         0x00004000         xr
data             0x00800060         0x00000400         rw !x
eeprom           0x00810000         0x00000200         rw !x
fuse             0x00820000         0x00000002         rw !x
lock             0x00830000         0x00000400         rw !x
signature        0x00840000         0x00000400         rw !x
user_signatures  0x00850000         0x00000400         rw !x
*default*        0x00000000         0xffffffff

Linker script and memory map

LOAD C:/Program Files (x86)/Microchip/MPLABX/v5.30/packs/Microchip/ATmega_DFP/2.0.12/gcc/dev/atmega16/avr5/memx-const/crtatmega16.o
                0x00000001                __MPLAB_BUILD = 0x1
LOAD build/default/production/main.o
LOAD build/default/production/DIO.o
LOAD build/default/production/lcd.o
START GROUP
LOAD c:/program files (x86)/microchip/xc8/v2.10/avr/bin/../lib/gcc/avr/5.4.0/../../../../avr/lib/avr5/memx-const\libm.a
END GROUP
START GROUP
LOAD c:/program files (x86)/microchip/xc8/v2.10/avr/bin/../lib/gcc/avr/5.4.0/avr5/memx-const\libgcc.a
LOAD c:/program files (x86)/microchip/xc8/v2.10/avr/bin/../lib/gcc/avr/5.4.0/../../../../avr/lib/avr5/memx-const\libm.a
LOAD c:/program files (x86)/microchip/xc8/v2.10/avr/bin/../lib/gcc/avr/5.4.0/../../../../avr/lib/avr5/memx-const\libc.a
LOAD C:/Program Files (x86)/Microchip/MPLABX/v5.30/packs/Microchip/ATmega_DFP/2.0.12/gcc/dev/atmega16/avr5/memx-const\libatmega16.a
END GROUP
                0x00000000                __TEXT_REGION_ORIGIN__ = DEFINED (__TEXT_REGION_ORIGIN__)?__TEXT_REGION_ORIGIN__:0x0
                [0x00800060]                __DATA_REGION_ORIGIN__ = DEFINED (__DATA_REGION_ORIGIN__)?__DATA_REGION_ORIGIN__:0x800060
                [0x00004000]                __TEXT_REGION_LENGTH__ = DEFINED (__TEXT_REGION_LENGTH__)?__TEXT_REGION_LENGTH__:0x20000
                [0x00000400]                __DATA_REGION_LENGTH__ = DEFINED (__DATA_REGION_LENGTH__)?__DATA_REGION_LENGTH__:0xffa0
                [0x00000200]                __EEPROM_REGION_LENGTH__ = DEFINED (__EEPROM_REGION_LENGTH__)?__EEPROM_REGION_LENGTH__:0x10000
                [0x00000002]                __FUSE_REGION_LENGTH__ = DEFINED (__FUSE_REGION_LENGTH__)?__FUSE_REGION_LENGTH__:0x400
                0x00000400                __LOCK_REGION_LENGTH__ = DEFINED (__LOCK_REGION_LENGTH__)?__LOCK_REGION_LENGTH__:0x400
                0x00000400                __SIGNATURE_REGION_LENGTH__ = DEFINED (__SIGNATURE_REGION_LENGTH__)?__SIGNATURE_REGION_LENGTH__:0x400
                0x00000400                __USER_SIGNATURE_REGION_LENGTH__ = DEFINED (__USER_SIGNATURE_REGION_LENGTH__)?__USER_SIGNATURE_REGION_LENGTH__:0x400

.hash
 *(.hash)

.dynsym
 *(.dynsym)

.dynstr
 *(.dynstr)

.gnu.version
 *(.gnu.version)

.gnu.version_d
 *(.gnu.version_d)

.gnu.version_r
 *(.gnu.version_r)

.rel.init
 *(.rel.init)

.rela.init
 *(.rela.init)

.rel.text
 *(.rel.text)
 *(.rel.text.*)
 *(.rel.gnu.linkonce.t*)

.rela.text
 *(.rela.text)
 *(.rela.text.*)
 *(.rela.gnu.linkonce.t*)

.rel.fini
 *(.rel.fini)

.rela.fini
 *(.rela.fini)

.rel.rodata
 *(.rel.rodata)
 *(.rel.rodata.*)
 *(.rel.gnu.linkonce.r*)

.rela.rodata
 *(.rela.rodata)
 *(.rela.rodata.*)
 *(.rela.gnu.linkonce.r*)

.rel.data
 *(.rel.data)
 *(.rel.data.*)
 *(.rel.gnu.linkonce.d*)

.rela.data
 *(.rela.data)
 *(.rela.data.*)
 *(.rela.gnu.linkonce.d*)

.rel.ctors
 *(.rel.ctors)

.rela.ctors
 *(.rela.ctors)

.rel.dtors
 *(.rel.dtors)

.rela.dtors
 *(.rela.dtors)

.rel.got
 *(.rel.got)

.rela.got
 *(.rela.got)

.rel.bss
 *(.rel.bss)

.rela.bss
 *(.rela.bss)

.rel.plt
 *(.rel.plt)

.rela.plt
 *(.rela.plt)

.text           0x00000000       0xd8
 *(.vectors)
 .vectors       0x00000000       0x54 C:/Program Files (x86)/Microchip/MPLABX/v5.30/packs/Microchip/ATmega_DFP/2.0.12/gcc/dev/atmega16/avr5/memx-const/crtatmega16.o
                0x00000000                __vector_default
                0x00000000                __vectors
 *(.vectors)
 *(.progmem.gcc*)
 *(.dinit)
 .dinit         0x00000054       0x2f data_init
                0x00000084                . = ALIGN (0x2)
 *fill*         0x00000083        0x1 
                0x00000084                __trampolines_start = .
 *(.trampolines)
 .trampolines   0x00000084        0x0 linker stubs
 *(.trampolines*)
                0x00000084                __trampolines_end = .
 *libprintf_flt.a:*(.progmem.data)
 *libc.a:*(.progmem.data)
                0x00000084                . = ALIGN (0x2)
 *(.jumptables)
 *(.jumptables*)
 *(.lowtext)
 *(.lowtext*)
                0x00000084                __ctors_start = .
 *(.ctors)
                0x00000084                __ctors_end = .
                0x00000084                __dtors_start = .
 *(.dtors)
                0x00000084                __dtors_end = .
 SORT(*)(.ctors)
 SORT(*)(.dtors)
 *(.init0)
 .init0         0x00000084        0x0 C:/Program Files (x86)/Microchip/MPLABX/v5.30/packs/Microchip/ATmega_DFP/2.0.12/gcc/dev/atmega16/avr5/memx-const/crtatmega16.o
                0x00000084                __init
 *(.init0)
 *(.init1)
 *(.init1)
 *(.init2)
 .init2         0x00000084        0xc C:/Program Files (x86)/Microchip/MPLABX/v5.30/packs/Microchip/ATmega_DFP/2.0.12/gcc/dev/atmega16/avr5/memx-const/crtatmega16.o
 *(.init2)
 *(.init3)
 *(.init3)
 *(.init4)
 .init4         0x00000090       0x3c c:/program files (x86)/microchip/xc8/v2.10/avr/bin/../lib/gcc/avr/5.4.0/avr5/memx-const\libgcc.a(_copy_data.o)
                0x00000090                __do_copy_data
                0x000000be                __do_clear_bss
 *(.init4)
 *(.init5)
 *(.init5)
 *(.init6)
 *(.init6)
 *(.init7)
 *(.init7)
 *(.init8)
 *(.init8)
 *(.init9)
 .init9         0x000000cc        0x8 C:/Program Files (x86)/Microchip/MPLABX/v5.30/packs/Microchip/ATmega_DFP/2.0.12/gcc/dev/atmega16/avr5/memx-const/crtatmega16.o
 *(.init9)
                0x000000d4                . = ALIGN (0x2)
 *(.fini9)
 .fini9         0x000000d4        0x0 c:/program files (x86)/microchip/xc8/v2.10/avr/bin/../lib/gcc/avr/5.4.0/avr5/memx-const\libgcc.a(_exit.o)
                0x000000d4                _exit
                0x000000d4                exit
 *(.fini9)
 *(.fini8)
 *(.fini8)
 *(.fini7)
 *(.fini7)
 *(.fini6)
 *(.fini6)
 *(.fini5)
 *(.fini5)
 *(.fini4)
 *(.fini4)
 *(.fini3)
 *(.fini3)
 *(.fini2)
 *(.fini2)
 *(.fini1)
 *(.fini1)
 *(.fini0)
 .fini0         0x000000d4        0x4 c:/program files (x86)/microchip/xc8/v2.10/avr/bin/../lib/gcc/avr/5.4.0/avr5/memx-const\libgcc.a(_exit.o)
 *(.fini0)
                0x000000d8                _etext = .

.data           0x00800060        0x0 load address 0x000000d8
                [!provide]                PROVIDE (__data_start, .)
 *(.gnu.linkonce.d*)
 *(.gnu.linkonce.r*)
                0x00800060                . = ALIGN (0x2)
 *fill*         0x00800060        0x0 
                0x00800060                _edata = .
                [!provide]                PROVIDE (__data_end, .)

.bss            0x00800060        0x0
                [!provide]                PROVIDE (__bss_start, .)
 *(COMMON)
                [!provide]                PROVIDE (__bss_end, .)
                0x000000d8                __data_load_start = LOADADDR (.data)
                0x000000d8                __data_load_end = (__data_load_start + SIZEOF (.data))

.noinit         0x00800060        0x0
                [!provide]                PROVIDE (__noinit_start, .)
 *(.noinit*)
                [!provide]                PROVIDE (__noinit_end, .)
                0x00800060                _end = .

.eeprom         0x00810000        0x0
 *(.eeprom*)
                0x00810000                __eeprom_end = .

.fuse
 *(.fuse)
 *(.lfuse)
 *(.hfuse)
 *(.efuse)

.lock
 *(.lock*)

.signature
 *(.signature*)

.user_signatures
 *(.user_signatures*)

.stab
 *(.stab)

.stabstr
 *(.stabstr)

.stab.excl
 *(.stab.excl)

.stab.exclstr
 *(.stab.exclstr)

.stab.index
 *(.stab.index)

.stab.indexstr
 *(.stab.indexstr)

.comment        0x00000000       0x2f
 *(.comment)
 .comment       0x00000000       0x2f build/default/production/main.o
                                 0x30 (size before relaxing)
 .comment       0x0000002f       0x30 build/default/production/DIO.o
 .comment       0x0000002f       0x30 build/default/production/lcd.o

.note.gnu.build-id
 *(.note.gnu.build-id)

.debug
 *(.debug)

.line
 *(.line)

.debug_srcinfo
 *(.debug_srcinfo)

.debug_sfnames
 *(.debug_sfnames)

.debug_aranges  0x00000000      0x160
 *(.debug_aranges)
 .debug_aranges
                0x00000000       0x20 build/default/production/main.o
 .debug_aranges
                0x00000020       0xf8 build/default/production/DIO.o
 .debug_aranges
                0x00000118       0x48 build/default/production/lcd.o

.debug_pubnames
 *(.debug_pubnames)

.debug_info     0x00000000     0x1b40
 *(.debug_info .gnu.linkonce.wi.*)
 .debug_info    0x00000000      0x52e C:/Program Files (x86)/Microchip/MPLABX/v5.30/packs/Microchip/ATmega_DFP/2.0.12/gcc/dev/atmega16/avr5/memx-const/crtatmega16.o
 .debug_info    0x0000052e      0x76a build/default/production/main.o
 .debug_info    0x00000c98      0x7a3 build/default/production/DIO.o
 .debug_info    0x0000143b      0x705 build/default/production/lcd.o

.debug_abbrev   0x00000000      0x848
 *(.debug_abbrev)
 .debug_abbrev  0x00000000      0x4e7 C:/Program Files (x86)/Microchip/MPLABX/v5.30/packs/Microchip/ATmega_DFP/2.0.12/gcc/dev/atmega16/avr5/memx-const/crtatmega16.o
 .debug_abbrev  0x000004e7      0x146 build/default/production/main.o
 .debug_abbrev  0x0000062d       0xb8 build/default/production/DIO.o
 .debug_abbrev  0x000006e5      0x163 build/default/production/lcd.o

.debug_line     0x00000000      0x94a
 *(.debug_line .debug_line.* .debug_line_end)
 .debug_line    0x00000000      0x118 C:/Program Files (x86)/Microchip/MPLABX/v5.30/packs/Microchip/ATmega_DFP/2.0.12/gcc/dev/atmega16/avr5/memx-const/crtatmega16.o
 .debug_line    0x00000118      0x1d1 build/default/production/main.o
 .debug_line    0x000002e9      0x3e4 build/default/production/DIO.o
 .debug_line    0x000006cd      0x27d build/default/production/lcd.o

.debug_frame    0x00000000      0x284
 *(.debug_frame)
 .debug_frame   0x00000000       0x24 build/default/production/main.o
 .debug_frame   0x00000024      0x1d4 build/default/production/DIO.o
 .debug_frame   0x000001f8       0x8c build/default/production/lcd.o

.debug_str      0x00000000      0x22f
 *(.debug_str)
 .debug_str     0x00000000      0x1af C:/Program Files (x86)/Microchip/MPLABX/v5.30/packs/Microchip/ATmega_DFP/2.0.12/gcc/dev/atmega16/avr5/memx-const/crtatmega16.o
 .debug_str     0x000001af       0x53 build/default/production/main.o
 .debug_str     0x00000202        0x7 build/default/production/DIO.o
 .debug_str     0x00000209       0x26 build/default/production/lcd.o

.debug_loc      0x00000000      0xa3e
 *(.debug_loc)
 .debug_loc     0x00000000       0x90 build/default/production/main.o
 .debug_loc     0x00000090      0x568 build/default/production/DIO.o
 .debug_loc     0x000005f8      0x446 build/default/production/lcd.o

.debug_macinfo
 *(.debug_macinfo)

.debug_weaknames
 *(.debug_weaknames)

.debug_funcnames
 *(.debug_funcnames)

.debug_typenames
 *(.debug_typenames)

.debug_varnames
 *(.debug_varnames)

.debug_pubtypes
 *(.debug_pubtypes)

.debug_ranges   0x00000000      0x130
 *(.debug_ranges)
 .debug_ranges  0x00000000       0x10 build/default/production/main.o
 .debug_ranges  0x00000010       0xe8 build/default/production/DIO.o
 .debug_ranges  0x000000f8       0x38 build/default/production/lcd.o

.debug_macro
 *(.debug_macro)
OUTPUT(dist/default/production/FirstProject-master.production.elf elf32-avr)
LOAD linker stubs
LOAD data_init

.note.gnu.avr.deviceinfo
                0x00000000       0x3c
 .note.gnu.avr.deviceinfo
                0x00000000       0x3c C:/Program Files (x86)/Microchip/MPLABX/v5.30/packs/Microchip/ATmega_DFP/2.0.12/gcc/dev/atmega16/avr5/memx-const/crtatmega16.o

.bss.flag       0x008000a5        0x1
 .bss.flag      0x008000a5        0x1 build/default/production/main.o
                0x008000a5                flag

.text.main      0x000000d8      0x170
 .text.main     0x000000d8      0x170 build/default/production/main.o
                0x000000d8                main

.text.resetPIN  0x00000248       0x86
 .text.resetPIN
                0x00000248       0x86 build/default/production/DIO.o
                0x00000248                resetPIN

.text.LCD_Command
                0x000002ce       0x50
 .text.LCD_Command
                0x000002ce       0x50 build/default/production/lcd.o
                0x000002ce                LCD_Command

.text.LCD_Char  0x0000031e       0x50
 .text.LCD_Char
                0x0000031e       0x50 build/default/production/lcd.o
                0x0000031e                LCD_Char

.text.PINBas    0x0000036e       0x42
 .text.PINBas   0x0000036e       0x42 build/default/production/DIO.o
                0x0000036e                PINBas

.text.PINCas    0x000003b0       0x42
 .text.PINCas   0x000003b0       0x42 build/default/production/DIO.o
                0x000003b0                PINCas

.text.PINDas    0x000003f2       0x42
 .text.PINDas   0x000003f2       0x42 build/default/production/DIO.o
                0x000003f2                PINDas

.text.LCD_Init  0x00000434       0x42
 .text.LCD_Init
                0x00000434       0x42 build/default/production/lcd.o
                0x00000434                LCD_Init

.text.LCD_String
                0x00000476       0x1e
 .text.LCD_String
                0x00000476       0x1e build/default/production/lcd.o
                0x00000476                LCD_String

.text.LCD_Clear
                0x00000494       0x1a
 .text.LCD_Clear
                0x00000494       0x1a build/default/production/lcd.o
                0x00000494                LCD_Clear

.text.isPressedB
                0x000004ae       0x18
 .text.isPressedB
                0x000004ae       0x18 build/default/production/DIO.o
                0x000004ae                isPressedB

.text.isPressedD
                0x000004c6       0x18
 .text.isPressedD
                0x000004c6       0x18 build/default/production/DIO.o
                0x000004c6                isPressedD

.text.togglePINC
                0x000004de       0x16
 .text.togglePINC
                0x000004de       0x16 build/default/production/DIO.o
                0x000004de                togglePINC

.text.togglePIND
                0x000004f4       0x16
 .text.togglePIND
                0x000004f4       0x16 build/default/production/DIO.o
                0x000004f4                togglePIND

.text           0x0000050a        0x4
 .text          0x0000050a        0x4 C:/Program Files (x86)/Microchip/MPLABX/v5.30/packs/Microchip/ATmega_DFP/2.0.12/gcc/dev/atmega16/avr5/memx-const/crtatmega16.o
                0x0000050a                __vector_1
                0x0000050a                __vector_12
                0x0000050a                __bad_interrupt
                0x0000050a                __vector_6
                0x0000050a                __vector_3
                0x0000050a                __vector_11
                0x0000050a                __vector_13
                0x0000050a                __vector_17
                0x0000050a                __vector_19
                0x0000050a                __vector_7
                0x0000050a                __vector_5
                0x0000050a                __vector_4
                0x0000050a                __vector_9
                0x0000050a                __vector_2
                0x0000050a                __vector_15
                0x0000050a                __vector_8
                0x0000050a                __vector_14
                0x0000050a                __vector_10
                0x0000050a                __vector_16
                0x0000050a                __vector_18
                0x0000050a                __vector_20

.data.y_0       0x00800060        0xc load address 0x0000050e
 .data.y_0      0x00800060        0xc build/default/production/main.o
                0x00800060                y_0

.data.y_1       0x0080006c        0xc load address 0x0000051a
 .data.y_1      0x0080006c        0xc build/default/production/main.o
                0x0080006c                y_1

.data.y_2       0x00800078        0xc load address 0x00000526
 .data.y_2      0x00800078        0xc build/default/production/main.o
                0x00800078                y_2

.data.x_0       0x00800084        0xb load address 0x00000532
 .data.x_0      0x00800084        0xb build/default/production/main.o
                0x00800084                x_0

.data.x_1       0x0080008f        0xb load address 0x0000053d
 .data.x_1      0x0080008f        0xb build/default/production/main.o
                0x0080008f                x_1

.data.x_2       0x0080009a        0xb load address 0x00000548
 .data.x_2      0x0080009a        0xb build/default/production/main.o
                0x0080009a                x_2
